Connecting to server at http://127.0.0.1:8080...
Connected!

Server status: healthy
Current knowledge graph: default

> .kg create test_4way_n06t06
Knowledge graph 'test_4way_n06t06' created.
Switched to knowledge graph: test_4way_n06t06
> .kg use test_4way_n06t06
Switched to knowledge graph: test_4way_n06t06
> +users[(1, "alice"), (2, "bob"), (3, "charlie")]
Inserted 3 fact(s) into 'users'.
> +emails[(1, "alice@mail.com"), (2, "bob@mail.com")]
Inserted 2 fact(s) into 'emails'.
> +roles[(1, "admin"), (2, "user"), (3, "guest")]
Inserted 3 fact(s) into 'roles'.
> +departments[(1, "engineering"), (2, "sales")]
Inserted 2 fact(s) into 'departments'.
> full_user_info(Name, Email, Role, Dept) <-
Parse error: Empty rule body with head variables is not allowed. Use 'foo(constant).' for facts, or add body predicates.
> users(Id, Name),
Parse error: Expected parentheses: (Id, Name),
> emails(Id, Email),
Parse error: Expected parentheses: (Id, Email),
> roles(Id, Role),
Parse error: Expected parentheses: (Id, Role),
> departments(Id, Dept)
Cannot insert variable 'Id' - use constants only
> ?full_user_info(Name, Email, Role, Dept)
No results.
> .kg use default
Switched to knowledge graph: default
> .kg drop test_4way_n06t06
Knowledge graph 'test_4way_n06t06' dropped.
