Connecting to server at http://127.0.0.1:8080...
Connected!

Server status: healthy
Current knowledge graph: default

> .kg create test_lsh_similarity_n31t04
Knowledge graph 'test_lsh_similarity_n31t04' created.
Switched to knowledge graph: test_lsh_similarity_n31t04
> .kg use test_lsh_similarity_n31t04
Switched to knowledge graph: test_lsh_similarity_n31t04
> +vectors[(1, [1.0, 0.0, 0.0, 0.0])]
Inserted 1 fact(s) into 'vectors'.
> +vectors[(2, [0.9, 0.1, 0.0, 0.0])]
Inserted 1 fact(s) into 'vectors'.
> +vectors[(3, [0.0, 1.0, 0.0, 0.0])]
Inserted 1 fact(s) into 'vectors'.
> +vectors[(4, [0.0, 0.9, 0.1, 0.0])]
Inserted 1 fact(s) into 'vectors'.
> +vectors[(5, [-1.0, 0.0, 0.0, 0.0])]
Inserted 1 fact(s) into 'vectors'.
> lsh_index(Id, V, Bucket) <- vectors(Id, V), Bucket = lsh_bucket(V, 0, 3)
┌──────┬──────────────────────────────────────────┬──────┐
│ col0 │ col1                                     │ col2 │
├──────┼──────────────────────────────────────────┼──────┤
│    1 │ [1.0, 0.0, 0.0, 0.0]                     │    0 │
│    2 │ [0.8999999761581421, 0.1000000014901161… │    0 │
│    3 │ [0.0, 1.0, 0.0, 0.0]                     │    0 │
│    4 │ [0.0, 0.8999999761581421, 0.10000000149… │    0 │
│    5 │ [-1.0, 0.0, 0.0, 0.0]                    │    7 │
└──────┴──────────────────────────────────────────┴──────┘
5 rows
(session: 1 rule(s))
> ?lsh_index(Id, V, Bucket)
┌──────┬──────────────────────────────────────────┬──────┐
│ col0 │ col1                                     │ col2 │
├──────┼──────────────────────────────────────────┼──────┤
│    1 │ [1.0, 0.0, 0.0, 0.0]                     │    0 │
│    2 │ [0.8999999761581421, 0.1000000014901161… │    0 │
│    3 │ [0.0, 1.0, 0.0, 0.0]                     │    0 │
│    4 │ [0.0, 0.8999999761581421, 0.10000000149… │    0 │
│    5 │ [-1.0, 0.0, 0.0, 0.0]                    │    7 │
└──────┴──────────────────────────────────────────┴──────┘
5 rows
> +query[(100, [0.95, 0.05, 0.0, 0.0])]
Inserted 1 fact(s) into 'query'.
> lsh_candidate(QueryId, CandidateId, QueryBucket) <-
Parse error: Empty rule body with head variables is not allowed. Use 'foo(constant).' for facts, or add body predicates.
> query(QueryId, QV),
Parse error: Expected parentheses: (QueryId, QV),
> QueryBucket = lsh_bucket(QV, 0, 3),
Parse error: Expected parentheses: (QV, 0, 3),
> lsh_index(CandidateId, _, CandidateB),
Parse error: Expected parentheses: (CandidateId, _, CandidateB),
> QueryBucket = CandidateB
Parse error: Unrecognized statement: QueryBucket = CandidateB
> ?lsh_candidate(QueryId, CandidateId, Bucket)
No results.
> .kg use default
Switched to knowledge graph: default
(Cleared 1 session rule(s), 0 session fact(s))
> .kg drop test_lsh_similarity_n31t04
Knowledge graph 'test_lsh_similarity_n31t04' dropped.
